WARNING 2025-08-02 21:39:07,882 log Not Found: /favicon.ico
WARNING 2025-08-02 21:55:27,290 log Not Found: /favicon.ico
WARNING 2025-08-02 22:05:54,776 log Not Found: /favicon.ico
ERROR 2025-08-02 22:06:09,898 admin SMTP authentication failed for test email to ntlsownsupport@ntlsgroups.org: (535, b'Authentication Failed')
ERROR 2025-08-02 22:06:41,620 admin SMTP authentication failed for test email to ntlsownsupport@ntlsgroups.org: (535, b'5.7.8 Username and Password not accepted. For more information, go to\n5.7.8  https://support.google.com/mail/?p=BadCredentials d2e1a72fcca58-76bf1c6d5dcsm1452316b3a.74 - gsmtp')
WARNING 2025-08-02 22:10:30,048 log Not Found: /favicon.ico
ERROR 2025-08-02 22:10:55,318 admin SMTP authentication failed for test email to ntlsownsupport@ntlsgroups.org: (535, b'Authentication Failed')
INFO 2025-08-03 22:15:50,075 autoreload Watching for file changes with StatReloader
INFO 2025-08-03 22:17:15,329 autoreload Watching for file changes with StatReloader
ERROR 2025-08-03 22:17:23,348 log Internal Server Error: /
Traceback (most recent call last):
  File "C:\Users\Tamiltech08\AppData\Local\Programs\Python\Python313\Lib\site-packages\django\db\backends\utils.py", line 105, in _execute
    return self.cursor.execute(sql, params)
           ~~~~~~~~~~~~~~~~~~~^^^^^^^^^^^^^
psycopg2.errors.UndefinedTable: relation "ntls_business" does not exist
LINE 1: SELECT COUNT(*) AS "__count" FROM "ntls_business" WHERE "ntl...
                                          ^


The above exception was the direct cause of the following exception:

Traceback (most recent call last):
  File "C:\Users\Tamiltech08\AppData\Local\Programs\Python\Python313\Lib\site-packages\django\core\handlers\exception.py", line 55, in inner
    response = get_response(request)
  File "C:\Users\Tamiltech08\AppData\Local\Programs\Python\Python313\Lib\site-packages\django\core\handlers\base.py", line 197, in _get_response
    response = wrapped_callback(request, *callback_args, **callback_kwargs)
  File "C:\Users\Tamiltech08\AppData\Local\Programs\Python\Python313\Lib\site-packages\django\views\decorators\csrf.py", line 65, in _view_wrapper
    return view_func(request, *args, **kwargs)
  File "C:\Users\Tamiltech08\PycharmProjects\NTLS_Groups\ntlsgroups\ntls\views.py", line 24, in home
    partner_count = partners.count()
  File "C:\Users\Tamiltech08\AppData\Local\Programs\Python\Python313\Lib\site-packages\django\db\models\query.py", line 604, in count
    return self.query.get_count(using=self.db)
           ~~~~~~~~~~~~~~~~~~~~^^^^^^^^^^^^^^^
  File "C:\Users\Tamiltech08\AppData\Local\Programs\Python\Python313\Lib\site-packages\django\db\models\sql\query.py", line 644, in get_count
    return obj.get_aggregation(using, {"__count": Count("*")})["__count"]
           ~~~~~~~~~~~~~~~~~~~^^^^^^^^^^^^^^^^^^^^^^^^^^^^^^^^
  File "C:\Users\Tamiltech08\AppData\Local\Programs\Python\Python313\Lib\site-packages\django\db\models\sql\query.py", line 626, in get_aggregation
    result = compiler.execute_sql(SINGLE)
  File "C:\Users\Tamiltech08\AppData\Local\Programs\Python\Python313\Lib\site-packages\django\db\models\sql\compiler.py", line 1623, in execute_sql
    cursor.execute(sql, params)
    ~~~~~~~~~~~~~~^^^^^^^^^^^^^
  File "C:\Users\Tamiltech08\AppData\Local\Programs\Python\Python313\Lib\site-packages\django\db\backends\utils.py", line 122, in execute
    return super().execute(sql, params)
           ~~~~~~~~~~~~~~~^^^^^^^^^^^^^
  File "C:\Users\Tamiltech08\AppData\Local\Programs\Python\Python313\Lib\site-packages\django\db\backends\utils.py", line 79, in execute
    return self._execute_with_wrappers(
           ~~~~~~~~~~~~~~~~~~~~~~~~~~~^
        sql, params, many=False, executor=self._execute
        ^^^^^^^^^^^^^^^^^^^^^^^^^^^^^^^^^^^^^^^^^^^^^^^
    )
    ^
  File "C:\Users\Tamiltech08\AppData\Local\Programs\Python\Python313\Lib\site-packages\django\db\backends\utils.py", line 92, in _execute_with_wrappers
    return executor(sql, params, many, context)
  File "C:\Users\Tamiltech08\AppData\Local\Programs\Python\Python313\Lib\site-packages\django\db\backends\utils.py", line 100, in _execute
    with self.db.wrap_database_errors:
         ^^^^^^^^^^^^^^^^^^^^^^^^^^^^
  File "C:\Users\Tamiltech08\AppData\Local\Programs\Python\Python313\Lib\site-packages\django\db\utils.py", line 91, in __exit__
    raise dj_exc_value.with_traceback(traceback) from exc_value
  File "C:\Users\Tamiltech08\AppData\Local\Programs\Python\Python313\Lib\site-packages\django\db\backends\utils.py", line 105, in _execute
    return self.cursor.execute(sql, params)
           ~~~~~~~~~~~~~~~~~~~^^^^^^^^^^^^^
django.db.utils.ProgrammingError: relation "ntls_business" does not exist
LINE 1: SELECT COUNT(*) AS "__count" FROM "ntls_business" WHERE "ntl...
                                          ^

INFO 2025-08-03 22:31:59,000 autoreload C:\Users\Tamiltech08\PycharmProjects\NTLS_Groups\ntlsgroups\ntls\admin.py changed, reloading.
INFO 2025-08-03 22:32:00,568 autoreload Watching for file changes with StatReloader
INFO 2025-08-03 22:32:04,067 autoreload C:\Users\Tamiltech08\PycharmProjects\NTLS_Groups\ntlsgroups\ntls\admin.py changed, reloading.
INFO 2025-08-03 22:32:04,923 autoreload Watching for file changes with StatReloader
INFO 2025-08-03 22:32:09,379 autoreload C:\Users\Tamiltech08\PycharmProjects\NTLS_Groups\ntlsgroups\ntls\admin.py changed, reloading.
INFO 2025-08-03 22:32:10,227 autoreload Watching for file changes with StatReloader
INFO 2025-08-03 22:32:20,723 autoreload C:\Users\Tamiltech08\PycharmProjects\NTLS_Groups\ntlsgroups\ntls\admin.py changed, reloading.
INFO 2025-08-03 22:32:21,463 autoreload Watching for file changes with StatReloader
INFO 2025-08-03 22:32:40,146 autoreload C:\Users\Tamiltech08\PycharmProjects\NTLS_Groups\ntlsgroups\ntls\admin.py changed, reloading.
INFO 2025-08-03 22:32:40,824 autoreload Watching for file changes with StatReloader
INFO 2025-08-03 22:32:58,522 autoreload C:\Users\Tamiltech08\PycharmProjects\NTLS_Groups\ntlsgroups\ntls\admin.py changed, reloading.
INFO 2025-08-03 22:32:59,315 autoreload Watching for file changes with StatReloader
INFO 2025-08-03 22:33:08,788 autoreload C:\Users\Tamiltech08\PycharmProjects\NTLS_Groups\ntlsgroups\ntls\admin.py changed, reloading.
INFO 2025-08-03 22:33:09,658 autoreload Watching for file changes with StatReloader
INFO 2025-08-03 22:33:14,086 autoreload C:\Users\Tamiltech08\PycharmProjects\NTLS_Groups\ntlsgroups\ntls\admin.py changed, reloading.
INFO 2025-08-03 22:33:14,857 autoreload Watching for file changes with StatReloader
INFO 2025-08-03 22:33:56,746 autoreload C:\Users\Tamiltech08\PycharmProjects\NTLS_Groups\ntlsgroups\ntls\models.py changed, reloading.
INFO 2025-08-03 22:33:57,555 autoreload Watching for file changes with StatReloader
INFO 2025-08-03 22:34:15,867 autoreload C:\Users\Tamiltech08\PycharmProjects\NTLS_Groups\ntlsgroups\ntls\forms.py changed, reloading.
INFO 2025-08-03 22:34:16,700 autoreload Watching for file changes with StatReloader
INFO 2025-08-03 22:34:32,475 autoreload C:\Users\Tamiltech08\PycharmProjects\NTLS_Groups\ntlsgroups\ntls\views.py changed, reloading.
INFO 2025-08-03 22:34:33,532 autoreload Watching for file changes with StatReloader
INFO 2025-08-03 22:35:25,549 autoreload Watching for file changes with StatReloader
ERROR 2025-08-03 22:35:28,149 log Internal Server Error: /
Traceback (most recent call last):
  File "C:\Users\Tamiltech08\AppData\Local\Programs\Python\Python313\Lib\site-packages\django\utils\connection.py", line 58, in __getitem__
    return getattr(self._connections, alias)
  File "C:\Users\Tamiltech08\AppData\Local\Programs\Python\Python313\Lib\site-packages\asgiref\local.py", line 121, in __getattr__
    return getattr(storage, key)
AttributeError: '_thread._local' object has no attribute 'server'

During handling of the above exception, another exception occurred:

Traceback (most recent call last):
  File "C:\Users\Tamiltech08\AppData\Local\Programs\Python\Python313\Lib\site-packages\django\core\handlers\exception.py", line 55, in inner
    response = get_response(request)
  File "C:\Users\Tamiltech08\AppData\Local\Programs\Python\Python313\Lib\site-packages\django\core\handlers\base.py", line 197, in _get_response
    response = wrapped_callback(request, *callback_args, **callback_kwargs)
  File "C:\Users\Tamiltech08\AppData\Local\Programs\Python\Python313\Lib\site-packages\django\views\decorators\csrf.py", line 65, in _view_wrapper
    return view_func(request, *args, **kwargs)
  File "C:\Users\Tamiltech08\PycharmProjects\NTLS_Groups\ntlsgroups\ntls\views.py", line 24, in home
    partner_count = partners.count()
  File "C:\Users\Tamiltech08\AppData\Local\Programs\Python\Python313\Lib\site-packages\django\db\models\query.py", line 604, in count
    return self.query.get_count(using=self.db)
           ~~~~~~~~~~~~~~~~~~~~^^^^^^^^^^^^^^^
  File "C:\Users\Tamiltech08\AppData\Local\Programs\Python\Python313\Lib\site-packages\django\db\models\sql\query.py", line 644, in get_count
    return obj.get_aggregation(using, {"__count": Count("*")})["__count"]
           ~~~~~~~~~~~~~~~~~~~^^^^^^^^^^^^^^^^^^^^^^^^^^^^^^^^
  File "C:\Users\Tamiltech08\AppData\Local\Programs\Python\Python313\Lib\site-packages\django\db\models\sql\query.py", line 625, in get_aggregation
    compiler = outer_query.get_compiler(using, elide_empty=elide_empty)
  File "C:\Users\Tamiltech08\AppData\Local\Programs\Python\Python313\Lib\site-packages\django\db\models\sql\query.py", line 362, in get_compiler
    connection = connections[using]
                 ~~~~~~~~~~~^^^^^^^
  File "C:\Users\Tamiltech08\AppData\Local\Programs\Python\Python313\Lib\site-packages\django\utils\connection.py", line 61, in __getitem__
    raise self.exception_class(f"The connection '{alias}' doesn't exist.")
django.utils.connection.ConnectionDoesNotExist: The connection 'server' doesn't exist.
INFO 2025-08-03 22:35:55,909 autoreload C:\Users\Tamiltech08\PycharmProjects\NTLS_Groups\ntlsgroups\ntlsgroups\settings.py changed, reloading.
INFO 2025-08-03 22:35:56,929 autoreload Watching for file changes with StatReloader
INFO 2025-08-03 22:36:00,428 autoreload C:\Users\Tamiltech08\PycharmProjects\NTLS_Groups\ntlsgroups\ntlsgroups\settings.py changed, reloading.
INFO 2025-08-03 22:36:01,169 autoreload Watching for file changes with StatReloader
INFO 2025-08-03 22:36:02,506 autoreload C:\Users\Tamiltech08\PycharmProjects\NTLS_Groups\ntlsgroups\ntlsgroups\settings.py changed, reloading.
INFO 2025-08-03 22:36:03,296 autoreload Watching for file changes with StatReloader
ERROR 2025-08-03 22:36:07,058 log Internal Server Error: /
Traceback (most recent call last):
  File "C:\Users\Tamiltech08\AppData\Local\Programs\Python\Python313\Lib\site-packages\django\utils\connection.py", line 58, in __getitem__
    return getattr(self._connections, alias)
  File "C:\Users\Tamiltech08\AppData\Local\Programs\Python\Python313\Lib\site-packages\asgiref\local.py", line 121, in __getattr__
    return getattr(storage, key)
AttributeError: '_thread._local' object has no attribute 'server'

During handling of the above exception, another exception occurred:

Traceback (most recent call last):
  File "C:\Users\Tamiltech08\AppData\Local\Programs\Python\Python313\Lib\site-packages\django\core\handlers\exception.py", line 55, in inner
    response = get_response(request)
  File "C:\Users\Tamiltech08\AppData\Local\Programs\Python\Python313\Lib\site-packages\django\core\handlers\base.py", line 197, in _get_response
    response = wrapped_callback(request, *callback_args, **callback_kwargs)
  File "C:\Users\Tamiltech08\AppData\Local\Programs\Python\Python313\Lib\site-packages\django\views\decorators\csrf.py", line 65, in _view_wrapper
    return view_func(request, *args, **kwargs)
  File "C:\Users\Tamiltech08\PycharmProjects\NTLS_Groups\ntlsgroups\ntls\views.py", line 24, in home
    partner_count = partners.count()
  File "C:\Users\Tamiltech08\AppData\Local\Programs\Python\Python313\Lib\site-packages\django\db\models\query.py", line 604, in count
    return self.query.get_count(using=self.db)
           ~~~~~~~~~~~~~~~~~~~~^^^^^^^^^^^^^^^
  File "C:\Users\Tamiltech08\AppData\Local\Programs\Python\Python313\Lib\site-packages\django\db\models\sql\query.py", line 644, in get_count
    return obj.get_aggregation(using, {"__count": Count("*")})["__count"]
           ~~~~~~~~~~~~~~~~~~~^^^^^^^^^^^^^^^^^^^^^^^^^^^^^^^^
  File "C:\Users\Tamiltech08\AppData\Local\Programs\Python\Python313\Lib\site-packages\django\db\models\sql\query.py", line 625, in get_aggregation
    compiler = outer_query.get_compiler(using, elide_empty=elide_empty)
  File "C:\Users\Tamiltech08\AppData\Local\Programs\Python\Python313\Lib\site-packages\django\db\models\sql\query.py", line 362, in get_compiler
    connection = connections[using]
                 ~~~~~~~~~~~^^^^^^^
  File "C:\Users\Tamiltech08\AppData\Local\Programs\Python\Python313\Lib\site-packages\django\utils\connection.py", line 61, in __getitem__
    raise self.exception_class(f"The connection '{alias}' doesn't exist.")
django.utils.connection.ConnectionDoesNotExist: The connection 'server' doesn't exist.
ERROR 2025-08-03 22:36:09,153 log Internal Server Error: /
Traceback (most recent call last):
  File "C:\Users\Tamiltech08\AppData\Local\Programs\Python\Python313\Lib\site-packages\django\utils\connection.py", line 58, in __getitem__
    return getattr(self._connections, alias)
  File "C:\Users\Tamiltech08\AppData\Local\Programs\Python\Python313\Lib\site-packages\asgiref\local.py", line 121, in __getattr__
    return getattr(storage, key)
AttributeError: '_thread._local' object has no attribute 'server'

During handling of the above exception, another exception occurred:

Traceback (most recent call last):
  File "C:\Users\Tamiltech08\AppData\Local\Programs\Python\Python313\Lib\site-packages\django\core\handlers\exception.py", line 55, in inner
    response = get_response(request)
  File "C:\Users\Tamiltech08\AppData\Local\Programs\Python\Python313\Lib\site-packages\django\core\handlers\base.py", line 197, in _get_response
    response = wrapped_callback(request, *callback_args, **callback_kwargs)
  File "C:\Users\Tamiltech08\AppData\Local\Programs\Python\Python313\Lib\site-packages\django\views\decorators\csrf.py", line 65, in _view_wrapper
    return view_func(request, *args, **kwargs)
  File "C:\Users\Tamiltech08\PycharmProjects\NTLS_Groups\ntlsgroups\ntls\views.py", line 24, in home
    partner_count = partners.count()
  File "C:\Users\Tamiltech08\AppData\Local\Programs\Python\Python313\Lib\site-packages\django\db\models\query.py", line 604, in count
    return self.query.get_count(using=self.db)
           ~~~~~~~~~~~~~~~~~~~~^^^^^^^^^^^^^^^
  File "C:\Users\Tamiltech08\AppData\Local\Programs\Python\Python313\Lib\site-packages\django\db\models\sql\query.py", line 644, in get_count
    return obj.get_aggregation(using, {"__count": Count("*")})["__count"]
           ~~~~~~~~~~~~~~~~~~~^^^^^^^^^^^^^^^^^^^^^^^^^^^^^^^^
  File "C:\Users\Tamiltech08\AppData\Local\Programs\Python\Python313\Lib\site-packages\django\db\models\sql\query.py", line 625, in get_aggregation
    compiler = outer_query.get_compiler(using, elide_empty=elide_empty)
  File "C:\Users\Tamiltech08\AppData\Local\Programs\Python\Python313\Lib\site-packages\django\db\models\sql\query.py", line 362, in get_compiler
    connection = connections[using]
                 ~~~~~~~~~~~^^^^^^^
  File "C:\Users\Tamiltech08\AppData\Local\Programs\Python\Python313\Lib\site-packages\django\utils\connection.py", line 61, in __getitem__
    raise self.exception_class(f"The connection '{alias}' doesn't exist.")
django.utils.connection.ConnectionDoesNotExist: The connection 'server' doesn't exist.
INFO 2025-08-03 22:40:56,786 autoreload C:\Users\Tamiltech08\PycharmProjects\NTLS_Groups\ntlsgroups\ntlsgroups\settings.py changed, reloading.
INFO 2025-08-03 22:40:58,760 autoreload Watching for file changes with StatReloader
INFO 2025-08-03 22:41:05,598 autoreload C:\Users\Tamiltech08\PycharmProjects\NTLS_Groups\ntlsgroups\ntlsgroups\settings.py changed, reloading.
INFO 2025-08-03 22:41:06,468 autoreload Watching for file changes with StatReloader
WARNING 2025-08-03 22:41:51,113 log Not Found: /favicon.ico
INFO 2025-08-03 22:42:42,888 autoreload Watching for file changes with StatReloader
ERROR 2025-08-03 22:43:16,307 log Internal Server Error: /admin/login/
Traceback (most recent call last):
  File "C:\Users\Tamiltech08\AppData\Local\Programs\Python\Python313\Lib\site-packages\django\core\handlers\exception.py", line 55, in inner
    response = get_response(request)
  File "C:\Users\Tamiltech08\AppData\Local\Programs\Python\Python313\Lib\site-packages\django\core\handlers\base.py", line 197, in _get_response
    response = wrapped_callback(request, *callback_args, **callback_kwargs)
  File "C:\Users\Tamiltech08\AppData\Local\Programs\Python\Python313\Lib\site-packages\django\utils\decorators.py", line 48, in _wrapper
    return bound_method(*args, **kwargs)
  File "C:\Users\Tamiltech08\AppData\Local\Programs\Python\Python313\Lib\site-packages\django\views\decorators\cache.py", line 80, in _view_wrapper
    response = view_func(request, *args, **kwargs)
  File "C:\Users\Tamiltech08\AppData\Local\Programs\Python\Python313\Lib\site-packages\django\contrib\admin\sites.py", line 449, in login
    return LoginView.as_view(**defaults)(request)
           ~~~~~~~~~~~~~~~~~~~~~~~~~~~~~^^^^^^^^^
  File "C:\Users\Tamiltech08\AppData\Local\Programs\Python\Python313\Lib\site-packages\django\views\generic\base.py", line 105, in view
    return self.dispatch(request, *args, **kwargs)
           ~~~~~~~~~~~~~^^^^^^^^^^^^^^^^^^^^^^^^^^
  File "C:\Users\Tamiltech08\AppData\Local\Programs\Python\Python313\Lib\site-packages\django\utils\decorators.py", line 48, in _wrapper
    return bound_method(*args, **kwargs)
  File "C:\Users\Tamiltech08\AppData\Local\Programs\Python\Python313\Lib\site-packages\django\utils\decorators.py", line 48, in _wrapper
    return bound_method(*args, **kwargs)
  File "C:\Users\Tamiltech08\AppData\Local\Programs\Python\Python313\Lib\site-packages\django\views\decorators\debug.py", line 143, in sensitive_post_parameters_wrapper
    return view(request, *args, **kwargs)
  File "C:\Users\Tamiltech08\AppData\Local\Programs\Python\Python313\Lib\site-packages\django\utils\decorators.py", line 48, in _wrapper
    return bound_method(*args, **kwargs)
  File "C:\Users\Tamiltech08\AppData\Local\Programs\Python\Python313\Lib\site-packages\django\utils\decorators.py", line 192, in _view_wrapper
    result = _process_exception(request, e)
  File "C:\Users\Tamiltech08\AppData\Local\Programs\Python\Python313\Lib\site-packages\django\utils\decorators.py", line 190, in _view_wrapper
    response = view_func(request, *args, **kwargs)
  File "C:\Users\Tamiltech08\AppData\Local\Programs\Python\Python313\Lib\site-packages\django\utils\decorators.py", line 48, in _wrapper
    return bound_method(*args, **kwargs)
  File "C:\Users\Tamiltech08\AppData\Local\Programs\Python\Python313\Lib\site-packages\django\views\decorators\cache.py", line 80, in _view_wrapper
    response = view_func(request, *args, **kwargs)
  File "C:\Users\Tamiltech08\AppData\Local\Programs\Python\Python313\Lib\site-packages\django\contrib\auth\views.py", line 89, in dispatch
    return super().dispatch(request, *args, **kwargs)
           ~~~~~~~~~~~~~~~~^^^^^^^^^^^^^^^^^^^^^^^^^^
  File "C:\Users\Tamiltech08\AppData\Local\Programs\Python\Python313\Lib\site-packages\django\views\generic\base.py", line 144, in dispatch
    return handler(request, *args, **kwargs)
  File "C:\Users\Tamiltech08\AppData\Local\Programs\Python\Python313\Lib\site-packages\django\views\generic\edit.py", line 151, in post
    return self.form_valid(form)
           ~~~~~~~~~~~~~~~^^^^^^
  File "C:\Users\Tamiltech08\AppData\Local\Programs\Python\Python313\Lib\site-packages\django\contrib\auth\views.py", line 108, in form_valid
    auth_login(self.request, form.get_user())
    ~~~~~~~~~~^^^^^^^^^^^^^^^^^^^^^^^^^^^^^^^
  File "C:\Users\Tamiltech08\AppData\Local\Programs\Python\Python313\Lib\site-packages\django\contrib\auth\__init__.py", line 197, in login
    user_logged_in.send(sender=user.__class__, request=request, user=user)
    ~~~~~~~~~~~~~~~~~~~^^^^^^^^^^^^^^^^^^^^^^^^^^^^^^^^^^^^^^^^^^^^^^^^^^^
  File "C:\Users\Tamiltech08\AppData\Local\Programs\Python\Python313\Lib\site-packages\django\dispatch\dispatcher.py", line 189, in send
    response = receiver(signal=self, sender=sender, **named)
  File "C:\Users\Tamiltech08\AppData\Local\Programs\Python\Python313\Lib\site-packages\django\contrib\auth\models.py", line 24, in update_last_login
    user.save(update_fields=["last_login"])
    ~~~~~~~~~^^^^^^^^^^^^^^^^^^^^^^^^^^^^^^
  File "C:\Users\Tamiltech08\AppData\Local\Programs\Python\Python313\Lib\site-packages\django\contrib\auth\base_user.py", line 65, in save
    super().save(*args, **kwargs)
    ~~~~~~~~~~~~^^^^^^^^^^^^^^^^^
  File "C:\Users\Tamiltech08\AppData\Local\Programs\Python\Python313\Lib\site-packages\django\db\models\base.py", line 902, in save
    self.save_base(
    ~~~~~~~~~~~~~~^
        using=using,
        ^^^^^^^^^^^^
    ...<2 lines>...
        update_fields=update_fields,
        ^^^^^^^^^^^^^^^^^^^^^^^^^^^^
    )
    ^
  File "C:\Users\Tamiltech08\AppData\Local\Programs\Python\Python313\Lib\site-packages\django\db\models\base.py", line 1008, in save_base
    updated = self._save_table(
        raw,
    ...<4 lines>...
        update_fields,
    )
  File "C:\Users\Tamiltech08\AppData\Local\Programs\Python\Python313\Lib\site-packages\django\db\models\base.py", line 1144, in _save_table
    raise DatabaseError("Save with update_fields did not affect any rows.")
django.db.utils.DatabaseError: Save with update_fields did not affect any rows.
INFO 2025-08-03 22:47:34,128 autoreload C:\Users\Tamiltech08\PycharmProjects\NTLS_Groups\ntlsgroups\ntls\db_routers.py changed, reloading.
INFO 2025-08-03 22:47:36,024 autoreload Watching for file changes with StatReloader
WARNING 2025-08-03 22:47:41,392 log Forbidden (CSRF token from POST incorrect.): /admin/login/
WARNING 2025-08-03 22:47:47,277 log Forbidden (CSRF token from POST incorrect.): /admin/login/
WARNING 2025-08-03 22:52:12,432 log Forbidden (CSRF token from POST incorrect.): /admin/login/
INFO 2025-08-03 22:53:11,934 autoreload C:\Users\Tamiltech08\PycharmProjects\NTLS_Groups\ntlsgroups\ntlsgroups\settings.py changed, reloading.
INFO 2025-08-03 22:53:13,871 autoreload Watching for file changes with StatReloader
WARNING 2025-08-03 22:53:22,307 log Forbidden (CSRF token from POST incorrect.): /admin/login/
WARNING 2025-08-03 22:53:26,198 log Forbidden (CSRF token from POST incorrect.): /admin/login/
WARNING 2025-08-03 22:53:31,219 log Forbidden (CSRF token from POST incorrect.): /admin/login/
WARNING 2025-08-03 22:53:33,218 log Forbidden (CSRF token from POST incorrect.): /admin/login/
WARNING 2025-08-03 22:59:23,025 log Not Found: /favicon.ico
ERROR 2025-08-03 22:59:33,454 admin SMTP authentication failed for test email to tamil08mctv@gmail.com: (535, b'5.7.8 Username and Password not accepted. For more information, go to\n5.7.8  https://support.google.com/mail/?p=BadCredentials d9443c01a7336-241e8975c89sm89225905ad.96 - gsmtp')
INFO 2025-08-03 23:01:07,693 admin Test email sent successfully to tamil08mctv@gmail.com
